[2024-01-10T04:16:52.845+0000][96777][gc] Using G1
[2024-01-10T04:16:52.887+0000][96777][gc,init] Version: 17.0.9+8-LTS (release)
[2024-01-10T04:16:52.888+0000][96777][gc,init] CPUs: 10 total, 10 available
[2024-01-10T04:16:52.888+0000][96777][gc,init] Memory: 32768M
[2024-01-10T04:16:52.888+0000][96777][gc,init] Large Page Support: Disabled
[2024-01-10T04:16:52.888+0000][96777][gc,init] NUMA Support: Disabled
[2024-01-10T04:16:52.888+0000][96777][gc,init] Compressed Oops: Enabled (Zero based)
[2024-01-10T04:16:52.888+0000][96777][gc,init] Heap Region Size: 1M
[2024-01-10T04:16:52.888+0000][96777][gc,init] Heap Min Capacity: 512M
[2024-01-10T04:16:52.888+0000][96777][gc,init] Heap Initial Capacity: 512M
[2024-01-10T04:16:52.888+0000][96777][gc,init] Heap Max Capacity: 512M
[2024-01-10T04:16:52.888+0000][96777][gc,init] Pre-touch: Enabled
[2024-01-10T04:16:52.888+0000][96777][gc,init] Parallel Workers: 9
[2024-01-10T04:16:52.888+0000][96777][gc,init] Concurrent Workers: 2
[2024-01-10T04:16:52.888+0000][96777][gc,init] Concurrent Refinement Workers: 9
[2024-01-10T04:16:52.888+0000][96777][gc,init] Periodic GC: Disabled
[2024-01-10T04:16:52.891+0000][96777][gc,metaspace] CDS archive(s) mapped at: [0x0000000300000000-0x0000000300bc0000-0x0000000300bc0000), size 12320768, SharedBaseAddress: 0x0000000300000000, ArchiveRelocationMode: 1.
[2024-01-10T04:16:52.891+0000][96777][gc,metaspace] Compressed class space mapped at: 0x0000000301000000-0x0000000341000000, reserved size: 1073741824
[2024-01-10T04:16:52.891+0000][96777][gc,metaspace] Narrow klass base: 0x0000000300000000, Narrow klass shift: 0, Narrow klass range: 0x100000000
[2024-01-10T04:16:53.037+0000][96777][safepoint   ] Safepoint "ICBufferFull", Time since last: 143540916 ns, Reaching safepoint: 2125 ns, Cleanup: 69792 ns, At safepoint: 38333 ns, Total: 110250 ns
[2024-01-10T04:16:53.140+0000][96777][safepoint   ] Safepoint "ICBufferFull", Time since last: 102582167 ns, Reaching safepoint: 1833 ns, Cleanup: 71834 ns, At safepoint: 46333 ns, Total: 120000 ns
[2024-01-10T04:16:53.226+0000][96777][gc,start    ] GC(0) Pause Young (Normal) (G1 Evacuation Pause)
[2024-01-10T04:16:53.226+0000][96777][gc,task     ] GC(0) Using 9 workers of 9 for evacuation
[2024-01-10T04:16:53.226+0000][96777][gc,age      ] GC(0) Desired survivor size 2097152 bytes, new threshold 15 (max threshold 15)
[2024-01-10T04:16:53.228+0000][96777][gc,age      ] GC(0) Age table with threshold 15 (max threshold 15)
[2024-01-10T04:16:53.228+0000][96777][gc,age      ] GC(0) - age   1:    3860312 bytes,    3860312 total
[2024-01-10T04:16:53.228+0000][96777][gc,phases   ] GC(0)   Pre Evacuate Collection Set: 0.1ms
[2024-01-10T04:16:53.228+0000][96777][gc,phases   ] GC(0)   Merge Heap Roots: 0.0ms
[2024-01-10T04:16:53.228+0000][96777][gc,phases   ] GC(0)   Evacuate Collection Set: 1.6ms
[2024-01-10T04:16:53.228+0000][96777][gc,phases   ] GC(0)   Post Evacuate Collection Set: 0.3ms
[2024-01-10T04:16:53.228+0000][96777][gc,phases   ] GC(0)   Other: 0.4ms
[2024-01-10T04:16:53.228+0000][96777][gc,heap     ] GC(0) Eden regions: 25->0(34)
[2024-01-10T04:16:53.228+0000][96777][gc,heap     ] GC(0) Survivor regions: 0->4(4)
[2024-01-10T04:16:53.228+0000][96777][gc,heap     ] GC(0) Old regions: 0->0
[2024-01-10T04:16:53.228+0000][96777][gc,heap     ] GC(0) Archive regions: 2->2
[2024-01-10T04:16:53.228+0000][96777][gc,heap     ] GC(0) Humongous regions: 1->1
[2024-01-10T04:16:53.228+0000][96777][gc,metaspace] GC(0) Metaspace: 8592K(8832K)->8592K(8832K) NonClass: 7561K(7680K)->7561K(7680K) Class: 1030K(1152K)->1030K(1152K)
[2024-01-10T04:16:53.228+0000][96777][gc          ] GC(0) Pause Young (Normal) (G1 Evacuation Pause) 26M->5M(512M) 2.544ms
[2024-01-10T04:16:53.228+0000][96777][gc,cpu      ] GC(0) User=0.02s Sys=0.00s Real=0.00s
[2024-01-10T04:16:53.228+0000][96777][safepoint   ] Safepoint "G1CollectForAllocation", Time since last: 85890250 ns, Reaching safepoint: 2042 ns, Cleanup: 54375 ns, At safepoint: 2626750 ns, Total: 2683167 ns
[2024-01-10T04:16:53.336+0000][96777][safepoint   ] Safepoint "ICBufferFull", Time since last: 108052916 ns, Reaching safepoint: 2292 ns, Cleanup: 74042 ns, At safepoint: 30166 ns, Total: 106500 ns
[2024-01-10T04:16:53.413+0000][96777][safepoint   ] Safepoint "ICBufferFull", Time since last: 66453125 ns, Reaching safepoint: 2459 ns, Cleanup: 68916 ns, At safepoint: 10022667 ns, Total: 10094042 ns
[2024-01-10T04:16:54.036+0000][96777][gc,start    ] GC(1) Pause Young (Normal) (G1 Evacuation Pause)
[2024-01-10T04:16:54.036+0000][96777][gc,task     ] GC(1) Using 9 workers of 9 for evacuation
[2024-01-10T04:16:54.036+0000][96777][gc,age      ] GC(1) Desired survivor size 2621440 bytes, new threshold 1 (max threshold 15)
[2024-01-10T04:16:54.039+0000][96777][gc,age      ] GC(1) Age table with threshold 1 (max threshold 15)
[2024-01-10T04:16:54.039+0000][96777][gc,age      ] GC(1) - age   1:    2168368 bytes,    2168368 total
[2024-01-10T04:16:54.039+0000][96777][gc,phases   ] GC(1)   Pre Evacuate Collection Set: 0.1ms
[2024-01-10T04:16:54.039+0000][96777][gc,phases   ] GC(1)   Merge Heap Roots: 0.0ms
[2024-01-10T04:16:54.039+0000][96777][gc,phases   ] GC(1)   Evacuate Collection Set: 2.1ms
[2024-01-10T04:16:54.039+0000][96777][gc,phases   ] GC(1)   Post Evacuate Collection Set: 0.2ms
[2024-01-10T04:16:54.039+0000][96777][gc,phases   ] GC(1)   Other: 0.1ms
[2024-01-10T04:16:54.039+0000][96777][gc,heap     ] GC(1) Eden regions: 34->0(304)
[2024-01-10T04:16:54.039+0000][96777][gc,heap     ] GC(1) Survivor regions: 4->3(5)
[2024-01-10T04:16:54.039+0000][96777][gc,heap     ] GC(1) Old regions: 0->4
[2024-01-10T04:16:54.039+0000][96777][gc,heap     ] GC(1) Archive regions: 2->2
[2024-01-10T04:16:54.039+0000][96777][gc,heap     ] GC(1) Humongous regions: 1->1
[2024-01-10T04:16:54.039+0000][96777][gc,metaspace] GC(1) Metaspace: 14587K(14848K)->14587K(14848K) NonClass: 12767K(12928K)->12767K(12928K) Class: 1819K(1920K)->1819K(1920K)
[2024-01-10T04:16:54.039+0000][96777][gc          ] GC(1) Pause Young (Normal) (G1 Evacuation Pause) 39M->8M(512M) 2.668ms
[2024-01-10T04:16:54.039+0000][96777][gc,cpu      ] GC(1) User=0.02s Sys=0.01s Real=0.00s
[2024-01-10T04:16:54.040+0000][96777][safepoint   ] Safepoint "G1CollectForAllocation", Time since last: 623070167 ns, Reaching safepoint: 2375 ns, Cleanup: 68500 ns, At safepoint: 3760000 ns, Total: 3830875 ns
[2024-01-10T04:16:54.196+0000][96777][safepoint   ] Safepoint "ICBufferFull", Time since last: 156401583 ns, Reaching safepoint: 21083 ns, Cleanup: 82959 ns, At safepoint: 6583 ns, Total: 110625 ns
[2024-01-10T04:16:54.323+0000][96777][safepoint   ] Safepoint "ICBufferFull", Time since last: 126517125 ns, Reaching safepoint: 2833 ns, Cleanup: 86750 ns, At safepoint: 500 ns, Total: 90083 ns
[2024-01-10T04:16:54.328+0000][96777][gc,start    ] GC(2) Pause Young (Concurrent Start) (Metadata GC Threshold)
[2024-01-10T04:16:54.328+0000][96777][gc,task     ] GC(2) Using 9 workers of 9 for evacuation
[2024-01-10T04:16:54.328+0000][96777][gc,age      ] GC(2) Desired survivor size 20447232 bytes, new threshold 15 (max threshold 15)
[2024-01-10T04:16:54.330+0000][96777][gc,age      ] GC(2) Age table with threshold 15 (max threshold 15)
[2024-01-10T04:16:54.330+0000][96777][gc,age      ] GC(2) - age   1:    4134304 bytes,    4134304 total
[2024-01-10T04:16:54.330+0000][96777][gc,age      ] GC(2) - age   2:    2113752 bytes,    6248056 total
[2024-01-10T04:16:54.330+0000][96777][gc,phases   ] GC(2)   Pre Evacuate Collection Set: 0.1ms
[2024-01-10T04:16:54.330+0000][96777][gc,phases   ] GC(2)   Merge Heap Roots: 0.0ms
[2024-01-10T04:16:54.330+0000][96777][gc,phases   ] GC(2)   Evacuate Collection Set: 1.8ms
[2024-01-10T04:16:54.330+0000][96777][gc,phases   ] GC(2)   Post Evacuate Collection Set: 0.2ms
[2024-01-10T04:16:54.330+0000][96777][gc,phases   ] GC(2)   Other: 0.2ms
[2024-01-10T04:16:54.330+0000][96777][gc,heap     ] GC(2) Eden regions: 108->0(300)
[2024-01-10T04:16:54.330+0000][96777][gc,heap     ] GC(2) Survivor regions: 3->7(39)
[2024-01-10T04:16:54.330+0000][96777][gc,heap     ] GC(2) Old regions: 4->4
[2024-01-10T04:16:54.330+0000][96777][gc,heap     ] GC(2) Archive regions: 2->2
[2024-01-10T04:16:54.330+0000][96777][gc,heap     ] GC(2) Humongous regions: 1->1
[2024-01-10T04:16:54.330+0000][96777][gc,metaspace] GC(2) Metaspace: 21134K(21504K)->21134K(21504K) NonClass: 18374K(18560K)->18374K(18560K) Class: 2760K(2944K)->2760K(2944K)
[2024-01-10T04:16:54.330+0000][96777][gc          ] GC(2) Pause Young (Concurrent Start) (Metadata GC Threshold) 116M->11M(512M) 2.303ms
[2024-01-10T04:16:54.330+0000][96777][gc,cpu      ] GC(2) User=0.01s Sys=0.00s Real=0.01s
[2024-01-10T04:16:54.330+0000][96777][gc          ] GC(3) Concurrent Mark Cycle
[2024-01-10T04:16:54.330+0000][96777][gc,marking  ] GC(3) Concurrent Clear Claimed Marks
[2024-01-10T04:16:54.330+0000][96777][safepoint   ] Safepoint "CollectForMetadataAllocation", Time since last: 4578625 ns, Reaching safepoint: 1584 ns, Cleanup: 6333 ns, At safepoint: 2361708 ns, Total: 2369625 ns
[2024-01-10T04:16:54.330+0000][96777][gc,marking  ] GC(3) Concurrent Clear Claimed Marks 0.014ms
[2024-01-10T04:16:54.330+0000][96777][gc,marking  ] GC(3) Concurrent Scan Root Regions
[2024-01-10T04:16:54.331+0000][96777][gc,marking  ] GC(3) Concurrent Scan Root Regions 1.310ms
[2024-01-10T04:16:54.331+0000][96777][gc,marking  ] GC(3) Concurrent Mark
[2024-01-10T04:16:54.331+0000][96777][gc,marking  ] GC(3) Concurrent Mark From Roots
[2024-01-10T04:16:54.331+0000][96777][gc,task     ] GC(3) Using 2 workers of 2 for marking
[2024-01-10T04:16:54.333+0000][96777][gc,marking  ] GC(3) Concurrent Mark From Roots 1.610ms
[2024-01-10T04:16:54.333+0000][96777][gc,marking  ] GC(3) Concurrent Preclean
[2024-01-10T04:16:54.333+0000][96777][gc,marking  ] GC(3) Concurrent Preclean 0.018ms
[2024-01-10T04:16:54.333+0000][96777][gc,start    ] GC(3) Pause Remark
[2024-01-10T04:16:54.334+0000][96777][gc          ] GC(3) Pause Remark 12M->12M(512M) 0.905ms
[2024-01-10T04:16:54.334+0000][96777][gc,cpu      ] GC(3) User=0.00s Sys=0.00s Real=0.00s
[2024-01-10T04:16:54.334+0000][96777][safepoint   ] Safepoint "G1PauseRemark", Time since last: 3016125 ns, Reaching safepoint: 224750 ns, Cleanup: 2334 ns, At safepoint: 932000 ns, Total: 1159084 ns
[2024-01-10T04:16:54.334+0000][96777][gc,marking  ] GC(3) Concurrent Mark 2.843ms
[2024-01-10T04:16:54.334+0000][96777][gc,marking  ] GC(3) Concurrent Rebuild Remembered Sets
[2024-01-10T04:16:54.335+0000][96777][gc,marking  ] GC(3) Concurrent Rebuild Remembered Sets 0.905ms
[2024-01-10T04:16:54.335+0000][96777][gc,start    ] GC(3) Pause Cleanup
[2024-01-10T04:16:54.335+0000][96777][gc          ] GC(3) Pause Cleanup 12M->12M(512M) 0.053ms
[2024-01-10T04:16:54.335+0000][96777][gc,cpu      ] GC(3) User=0.01s Sys=0.00s Real=0.00s
[2024-01-10T04:16:54.335+0000][96777][safepoint   ] Safepoint "G1PauseCleanup", Time since last: 952125 ns, Reaching safepoint: 21500 ns, Cleanup: 14708 ns, At safepoint: 86125 ns, Total: 122333 ns
[2024-01-10T04:16:54.335+0000][96777][gc,marking  ] GC(3) Concurrent Cleanup for Next Mark
[2024-01-10T04:16:54.336+0000][96777][gc,marking  ] GC(3) Concurrent Cleanup for Next Mark 0.488ms
[2024-01-10T04:16:54.336+0000][96777][gc          ] GC(3) Concurrent Mark Cycle 5.776ms
[2024-01-10T04:16:54.552+0000][96777][safepoint   ] Safepoint "ICBufferFull", Time since last: 216407958 ns, Reaching safepoint: 2292 ns, Cleanup: 69958 ns, At safepoint: 542 ns, Total: 72792 ns
[2024-01-10T04:16:54.744+0000][96777][gc,start    ] GC(4) Pause Young (Concurrent Start) (Metadata GC Threshold)
[2024-01-10T04:16:54.744+0000][96777][gc,task     ] GC(4) Using 9 workers of 9 for evacuation
[2024-01-10T04:16:54.744+0000][96777][gc,age      ] GC(4) Desired survivor size 20447232 bytes, new threshold 15 (max threshold 15)
[2024-01-10T04:16:54.747+0000][96777][gc,age      ] GC(4) Age table with threshold 15 (max threshold 15)
[2024-01-10T04:16:54.747+0000][96777][gc,age      ] GC(4) - age   1:    3253368 bytes,    3253368 total
[2024-01-10T04:16:54.747+0000][96777][gc,age      ] GC(4) - age   2:    4044512 bytes,    7297880 total
[2024-01-10T04:16:54.747+0000][96777][gc,age      ] GC(4) - age   3:    2084600 bytes,    9382480 total
[2024-01-10T04:16:54.747+0000][96777][gc,phases   ] GC(4)   Pre Evacuate Collection Set: 0.1ms
[2024-01-10T04:16:54.747+0000][96777][gc,phases   ] GC(4)   Merge Heap Roots: 0.0ms
[2024-01-10T04:16:54.747+0000][96777][gc,phases   ] GC(4)   Evacuate Collection Set: 2.4ms
[2024-01-10T04:16:54.747+0000][96777][gc,phases   ] GC(4)   Post Evacuate Collection Set: 0.4ms
[2024-01-10T04:16:54.747+0000][96777][gc,phases   ] GC(4)   Other: 0.2ms
[2024-01-10T04:16:54.747+0000][96777][gc,heap     ] GC(4) Eden regions: 61->0(297)
[2024-01-10T04:16:54.747+0000][96777][gc,heap     ] GC(4) Survivor regions: 7->10(39)
[2024-01-10T04:16:54.747+0000][96777][gc,heap     ] GC(4) Old regions: 4->4
[2024-01-10T04:16:54.747+0000][96777][gc,heap     ] GC(4) Archive regions: 2->2
[2024-01-10T04:16:54.747+0000][96777][gc,heap     ] GC(4) Humongous regions: 1->1
[2024-01-10T04:16:54.747+0000][96777][gc,metaspace] GC(4) Metaspace: 35541K(35968K)->35541K(35968K) NonClass: 30770K(30976K)->30770K(30976K) Class: 4770K(4992K)->4770K(4992K)
[2024-01-10T04:16:54.747+0000][96777][gc          ] GC(4) Pause Young (Concurrent Start) (Metadata GC Threshold) 72M->15M(512M) 3.129ms
[2024-01-10T04:16:54.747+0000][96777][gc,cpu      ] GC(4) User=0.01s Sys=0.00s Real=0.00s
[2024-01-10T04:16:54.747+0000][96777][gc          ] GC(5) Concurrent Mark Cycle
[2024-01-10T04:16:54.747+0000][96777][gc,marking  ] GC(5) Concurrent Clear Claimed Marks
[2024-01-10T04:16:54.747+0000][96777][gc,marking  ] GC(5) Concurrent Clear Claimed Marks 0.023ms
[2024-01-10T04:16:54.747+0000][96777][gc,marking  ] GC(5) Concurrent Scan Root Regions
[2024-01-10T04:16:54.747+0000][96777][safepoint   ] Safepoint "CollectForMetadataAllocation", Time since last: 192018500 ns, Reaching safepoint: 2292 ns, Cleanup: 22833 ns, At safepoint: 3219083 ns, Total: 3244208 ns
[2024-01-10T04:16:54.749+0000][96777][gc,marking  ] GC(5) Concurrent Scan Root Regions 2.197ms
[2024-01-10T04:16:54.749+0000][96777][gc,marking  ] GC(5) Concurrent Mark
[2024-01-10T04:16:54.749+0000][96777][gc,marking  ] GC(5) Concurrent Mark From Roots
[2024-01-10T04:16:54.749+0000][96777][gc,task     ] GC(5) Using 2 workers of 2 for marking
[2024-01-10T04:16:54.751+0000][96777][gc,marking  ] GC(5) Concurrent Mark From Roots 1.452ms
[2024-01-10T04:16:54.751+0000][96777][gc,marking  ] GC(5) Concurrent Preclean
[2024-01-10T04:16:54.751+0000][96777][gc,marking  ] GC(5) Concurrent Preclean 0.021ms
[2024-01-10T04:16:54.751+0000][96777][gc,start    ] GC(5) Pause Remark
[2024-01-10T04:16:54.752+0000][96777][gc          ] GC(5) Pause Remark 16M->16M(512M) 0.979ms
[2024-01-10T04:16:54.752+0000][96777][gc,cpu      ] GC(5) User=0.01s Sys=0.00s Real=0.00s
[2024-01-10T04:16:54.752+0000][96777][safepoint   ] Safepoint "G1PauseRemark", Time since last: 3746959 ns, Reaching safepoint: 97416 ns, Cleanup: 11292 ns, At safepoint: 1012708 ns, Total: 1121416 ns
[2024-01-10T04:16:54.752+0000][96777][gc,marking  ] GC(5) Concurrent Mark 2.639ms
[2024-01-10T04:16:54.752+0000][96777][gc,marking  ] GC(5) Concurrent Rebuild Remembered Sets
[2024-01-10T04:16:54.753+0000][96777][gc,marking  ] GC(5) Concurrent Rebuild Remembered Sets 0.909ms
[2024-01-10T04:16:54.753+0000][96777][gc,start    ] GC(5) Pause Cleanup
[2024-01-10T04:16:54.753+0000][96777][gc          ] GC(5) Pause Cleanup 16M->16M(512M) 0.063ms
[2024-01-10T04:16:54.753+0000][96777][gc,cpu      ] GC(5) User=0.00s Sys=0.00s Real=0.00s
[2024-01-10T04:16:54.753+0000][96777][safepoint   ] Safepoint "G1PauseCleanup", Time since last: 955500 ns, Reaching safepoint: 19209 ns, Cleanup: 1375 ns, At safepoint: 85750 ns, Total: 106334 ns
[2024-01-10T04:16:54.753+0000][96777][gc,marking  ] GC(5) Concurrent Cleanup for Next Mark
[2024-01-10T04:16:54.753+0000][96777][gc,marking  ] GC(5) Concurrent Cleanup for Next Mark 0.471ms
[2024-01-10T04:16:54.753+0000][96777][gc          ] GC(5) Concurrent Mark Cycle 6.456ms
[2024-01-10T04:16:54.946+0000][96777][safepoint   ] Safepoint "ICBufferFull", Time since last: 192828291 ns, Reaching safepoint: 35750 ns, Cleanup: 188834 ns, At safepoint: 35125 ns, Total: 259709 ns
[2024-01-10T04:16:55.053+0000][96777][safepoint   ] Safepoint "ICBufferFull", Time since last: 106985541 ns, Reaching safepoint: 2292 ns, Cleanup: 79958 ns, At safepoint: 625 ns, Total: 82875 ns
[2024-01-10T04:16:55.157+0000][96777][safepoint   ] Safepoint "ICBufferFull", Time since last: 103691084 ns, Reaching safepoint: 2166 ns, Cleanup: 72584 ns, At safepoint: 31500 ns, Total: 106250 ns
[2024-01-10T04:16:55.359+0000][96777][safepoint   ] Safepoint "ICBufferFull", Time since last: 202115875 ns, Reaching safepoint: 2875 ns, Cleanup: 98000 ns, At safepoint: 541 ns, Total: 101416 ns
[2024-01-10T04:16:56.362+0000][96777][safepoint   ] Safepoint "Cleanup", Time since last: 1003204084 ns, Reaching safepoint: 7291 ns, Cleanup: 92584 ns, At safepoint: 1041 ns, Total: 100916 ns
[2024-01-10T04:16:57.367+0000][96777][safepoint   ] Safepoint "Cleanup", Time since last: 1005064792 ns, Reaching safepoint: 4708 ns, Cleanup: 12709 ns, At safepoint: 875 ns, Total: 18292 ns
