[2024-01-10T04:16:39.179+0000][96709][gc] Using G1
[2024-01-10T04:16:39.180+0000][96709][gc,init] Version: 17.0.9+8-LTS (release)
[2024-01-10T04:16:39.181+0000][96709][gc,init] CPUs: 10 total, 10 available
[2024-01-10T04:16:39.181+0000][96709][gc,init] Memory: 32768M
[2024-01-10T04:16:39.181+0000][96709][gc,init] Large Page Support: Disabled
[2024-01-10T04:16:39.181+0000][96709][gc,init] NUMA Support: Disabled
[2024-01-10T04:16:39.181+0000][96709][gc,init] Compressed Oops: Enabled (Zero based)
[2024-01-10T04:16:39.181+0000][96709][gc,init] Heap Region Size: 1M
[2024-01-10T04:16:39.181+0000][96709][gc,init] Heap Min Capacity: 512M
[2024-01-10T04:16:39.181+0000][96709][gc,init] Heap Initial Capacity: 512M
[2024-01-10T04:16:39.181+0000][96709][gc,init] Heap Max Capacity: 512M
[2024-01-10T04:16:39.181+0000][96709][gc,init] Pre-touch: Disabled
[2024-01-10T04:16:39.181+0000][96709][gc,init] Parallel Workers: 9
[2024-01-10T04:16:39.181+0000][96709][gc,init] Concurrent Workers: 2
[2024-01-10T04:16:39.181+0000][96709][gc,init] Concurrent Refinement Workers: 9
[2024-01-10T04:16:39.181+0000][96709][gc,init] Periodic GC: Disabled
[2024-01-10T04:16:39.181+0000][96709][gc,metaspace] CDS archive(s) not mapped
[2024-01-10T04:16:39.181+0000][96709][gc,metaspace] Compressed class space mapped at: 0x000000c000000000-0x000000c040000000, reserved size: 1073741824
[2024-01-10T04:16:39.181+0000][96709][gc,metaspace] Narrow klass base: 0x000000c000000000, Narrow klass shift: 0, Narrow klass range: 0x40000000
[2024-01-10T04:16:39.225+0000][96709][gc,heap,exit] Heap
[2024-01-10T04:16:39.225+0000][96709][gc,heap,exit]  garbage-first heap   total 524288K, used 2048K [0x00000007a0000000, 0x00000007c0000000)
[2024-01-10T04:16:39.225+0000][96709][gc,heap,exit]   region size 1024K, 2 young (2048K), 0 survivors (0K)
[2024-01-10T04:16:39.225+0000][96709][gc,heap,exit]  Metaspace       used 3447K, committed 3520K, reserved 1114112K
[2024-01-10T04:16:39.225+0000][96709][gc,heap,exit]   class space    used 271K, committed 320K, reserved 1048576K
